
C:\Users\Vinicius\AndroidStudioProjects\TRAMPO>if "Windows_NT" == "Windows_NT" setlocal

C:\Users\Vinicius\AndroidStudioProjects\TRAMPO>set DIRNAME=C:\Users\Vinicius\AndroidStudioProjects\TRAMPO\ 

C:\Users\Vinicius\AndroidStudioProjects\TRAMPO>if "C:\Users\Vinicius\AndroidStudioProjects\TRAMPO\" == "" set DIRNAME=. 

C:\Users\Vinicius\AndroidStudioProjects\TRAMPO>set APP_BASE_NAME=gradlew 

C:\Users\Vinicius\AndroidStudioProjects\TRAMPO>set APP_HOME=C:\Users\Vinicius\AndroidStudioProjects\TRAMPO\ 

C:\Users\Vinicius\AndroidStudioProjects\TRAMPO>for %i in ("C:\Users\Vinicius\AndroidStudioProjects\TRAMPO\") do set APP_HOME=%~fi 

C:\Users\Vinicius\AndroidStudioProjects\TRAMPO>set APP_HOME=C:\Users\Vinicius\AndroidStudioProjects\TRAMPO\ 

C:\Users\Vinicius\AndroidStudioProjects\TRAMPO>set DEFAULT_JVM_OPTS="-Xmx64m" "-Xms64m" 

C:\Users\Vinicius\AndroidStudioProjects\TRAMPO>if defined JAVA_HOME goto findJavaFromJavaHome 

C:\Users\Vinicius\AndroidStudioProjects\TRAMPO>set JAVA_HOME=C:\Program Files\Android\Android Studio\jbr 

C:\Users\Vinicius\AndroidStudioProjects\TRAMPO>set JAVA_EXE=C:\Program Files\Android\Android Studio\jbr/bin/java.exe 

C:\Users\Vinicius\AndroidStudioProjects\TRAMPO>if exist "C:\Program Files\Android\Android Studio\jbr/bin/java.exe" goto execute 

C:\Users\Vinicius\AndroidStudioProjects\TRAMPO>set CLASSPATH= 

C:\Users\Vinicius\AndroidStudioProjects\TRAMPO>"C:\Program Files\Android\Android Studio\jbr/bin/java.exe" "-Xmx64m" "-Xms64m"   "-Dorg.gradle.appname=gradlew" -classpath "" -jar "C:\Users\Vinicius\AndroidStudioProjects\TRAMPO\\gradle\wrapper\gradle-wrapper.jar" :app:testDebugUnitTest --tests com.example.trampo.LiveApiTest --rerun-tasks --no-configuration-cache --console=plain 
> Task :app:preBuild UP-TO-DATE
> Task :app:preDebugBuild UP-TO-DATE
> Task :app:generateDebugBuildConfig
> Task :app:generateDebugResources
> Task :app:packageDebugResources
> Task :app:processDebugNavigationResources
> Task :app:javaPreCompileDebug
> Task :app:mapDebugSourceSetPaths
> Task :app:checkDebugAarMetadata
> Task :app:compileDebugNavigationResources
> Task :app:parseDebugLocalResources
> Task :app:createDebugCompatibleScreenManifests
> Task :app:extractDeepLinksDebug
> Task :app:processDebugMainManifest
> Task :app:generateDebugRFile
> Task :app:processDebugManifest
> Task :app:mergeDebugResources
> Task :app:preDebugUnitTestBuild UP-TO-DATE
> Task :app:generateDebugAssets UP-TO-DATE
> Task :app:javaPreCompileDebugUnitTest
> Task :app:processDebugManifestForPackage
> Task :app:mergeDebugAssets
> Task :app:mergeDebugUnitTestManifest
> Task :app:processDebugUnitTestManifest
> Task :app:processDebugResources
> Task :app:packageDebugUnitTestForUnitTest
> Task :app:generateDebugUnitTestConfig
> Task :app:compileDebugKotlin
> Task :app:compileDebugJavaWithJavac
> Task :app:bundleDebugClassesToCompileJar
> Task :app:bundleDebugClassesToRuntimeJar
> Task :app:processDebugJavaRes
> Task :app:compileDebugUnitTestKotlin
> Task :app:compileDebugUnitTestJavaWithJavac NO-SOURCE
> Task :app:processDebugUnitTestJavaRes
> Task :app:testDebugUnitTest

BUILD SUCCESSFUL in 22s
31 actionable tasks: 31 executed

C:\Users\Vinicius\AndroidStudioProjects\TRAMPO>if 0 EQU 0 goto mainEnd 

C:\Users\Vinicius\AndroidStudioProjects\TRAMPO>if "Windows_NT" == "Windows_NT" endlocal
